------------------------------------------------------------
TimeQuest Timing Analyzer Summary
------------------------------------------------------------

Type  : Slow Model Setup 'pll0|altpll_component|pll|clk[2]'
Slack : 6.013
TNS   : 0.000

Type  : Slow Model Setup 'pll0|altpll_component|pll|clk[1]'
Slack : 19.259
TNS   : 0.000

Type  : Slow Model Setup 'pll0|altpll_component|pll|clk[0]'
Slack : 35.874
TNS   : 0.000

Type  : Slow Model Hold 'pll0|altpll_component|pll|clk[0]'
Slack : 0.391
TNS   : 0.000

Type  : Slow Model Hold 'pll0|altpll_component|pll|clk[1]'
Slack : 2.645
TNS   : 0.000

Type  : Slow Model Hold 'pll0|altpll_component|pll|clk[2]'
Slack : 2.646
TNS   : 0.000

Type  : Slow Model Recovery 'pll0|altpll_component|pll|clk[0]'
Slack : 97.128
TNS   : 0.000

Type  : Slow Model Removal 'pll0|altpll_component|pll|clk[0]'
Slack : 2.550
TNS   : 0.000

Type  : Slow Model Minimum Pulse Width 'clk_sys'
Slack : 10.000
TNS   : 0.000

Type  : Slow Model Minimum Pulse Width 'pll0|altpll_component|pll|clk[1]'
Slack : 47.223
TNS   : 0.000

Type  : Slow Model Minimum Pulse Width 'pll0|altpll_component|pll|clk[2]'
Slack : 47.223
TNS   : 0.000

Type  : Slow Model Minimum Pulse Width 'pll0|altpll_component|pll|clk[0]'
Slack : 49.000
TNS   : 0.000

Type  : Slow Model Minimum Pulse Width 'altera_reserved_tck'
Slack : 97.778
TNS   : 0.000

Type  : Fast Model Setup 'pll0|altpll_component|pll|clk[2]'
Slack : 15.792
TNS   : 0.000

Type  : Fast Model Setup 'pll0|altpll_component|pll|clk[1]'
Slack : 22.330
TNS   : 0.000

Type  : Fast Model Setup 'pll0|altpll_component|pll|clk[0]'
Slack : 42.811
TNS   : 0.000

Type  : Fast Model Hold 'pll0|altpll_component|pll|clk[0]'
Slack : 0.215
TNS   : 0.000

Type  : Fast Model Hold 'pll0|altpll_component|pll|clk[2]'
Slack : 2.318
TNS   : 0.000

Type  : Fast Model Hold 'pll0|altpll_component|pll|clk[1]'
Slack : 2.321
TNS   : 0.000

Type  : Fast Model Recovery 'pll0|altpll_component|pll|clk[0]'
Slack : 98.504
TNS   : 0.000

Type  : Fast Model Removal 'pll0|altpll_component|pll|clk[0]'
Slack : 1.326
TNS   : 0.000

Type  : Fast Model Minimum Pulse Width 'clk_sys'
Slack : 10.000
TNS   : 0.000

Type  : Fast Model Minimum Pulse Width 'pll0|altpll_component|pll|clk[1]'
Slack : 47.223
TNS   : 0.000

Type  : Fast Model Minimum Pulse Width 'pll0|altpll_component|pll|clk[2]'
Slack : 47.223
TNS   : 0.000

Type  : Fast Model Minimum Pulse Width 'pll0|altpll_component|pll|clk[0]'
Slack : 49.000
TNS   : 0.000

Type  : Fast Model Minimum Pulse Width 'altera_reserved_tck'
Slack : 97.778
TNS   : 0.000

------------------------------------------------------------
